../Core/Src/main.c:147:6:PWM_control_position	24	static
../Core/Src/main.c:175:6:PWM_control_velocity	24	static
../Core/Src/main.c:250:6:encoder	4	static
../Core/Src/main.c:292:6:send_data_to_Qt	8	static
../Core/Src/main.c:305:6:control_PID_Position	32	static
../Core/Src/main.c:339:6:control_PID_Velocity	32	static
../Core/Src/main.c:359:6:tune_PID_after	24	static
../Core/Src/main.c:430:6:HAL_TIM_PeriodElapsedCallback	16	static
../Core/Src/main.c:456:6:HAL_UART_RxCpltCallback	16	static
../Core/Src/main.c:483:5:main	16	static
../Core/Src/main.c:582:6:SystemClock_Config	72	static
../Core/Src/main.c:620:13:MX_I2C1_Init	8	static
../Core/Src/main.c:653:13:MX_TIM1_Init	80	static
../Core/Src/main.c:721:13:MX_TIM2_Init	56	static
../Core/Src/main.c:769:13:MX_TIM3_Init	32	static
../Core/Src/main.c:813:13:MX_USART1_UART_Init	8	static
../Core/Src/main.c:845:13:MX_GPIO_Init	32	static
../Core/Src/main.c:877:6:Error_Handler	4	static,ignoring_inline_asm
