../Core/Src/main.c:177:6:PWM_control_position	24	static
../Core/Src/main.c:212:6:PWM_control_velocity	24	static
../Core/Src/main.c:292:6:encoder	4	static
../Core/Src/main.c:335:6:send_data_to_Qt	40	static
../Core/Src/main.c:391:6:first_para_LPF	4	static
../Core/Src/main.c:398:7:update_para_LPF	24	static
../Core/Src/main.c:405:6:control_PID_Position	32	static
../Core/Src/main.c:439:6:control_PID_Velocity	32	static
../Core/Src/main.c:464:6:tune_PID_after1	24	static
../Core/Src/main.c:483:6:tune_PID_after2	24	static
../Core/Src/main.c:538:6:HAL_TIM_PeriodElapsedCallback	16	static
../Core/Src/main.c:573:6:HAL_UART_RxCpltCallback	16	static
../Core/Src/main.c:601:5:main	16	static
../Core/Src/main.c:775:6:SystemClock_Config	72	static
../Core/Src/main.c:814:13:MX_I2C1_Init	8	static
../Core/Src/main.c:848:13:MX_TIM1_Init	80	static
../Core/Src/main.c:917:13:MX_TIM2_Init	56	static
../Core/Src/main.c:966:13:MX_TIM3_Init	32	static
../Core/Src/main.c:1011:13:MX_USART1_UART_Init	8	static
../Core/Src/main.c:1042:13:MX_DMA_Init	16	static
../Core/Src/main.c:1063:13:MX_GPIO_Init	32	static
../Core/Src/main.c:1095:6:Error_Handler	4	static,ignoring_inline_asm
