../Core/Src/main.c:146:6:PWM_control_position	24	static
../Core/Src/main.c:174:6:PWM_control_velocity	24	static
../Core/Src/main.c:250:6:encoder	4	static
../Core/Src/main.c:292:6:send_data_to_Qt	8	static
../Core/Src/main.c:305:6:control_PID_Position	32	static
../Core/Src/main.c:339:6:control_PID_Velocity	32	static
../Core/Src/main.c:358:6:select_mode	16	static
../Core/Src/main.c:375:6:HAL_TIM_PeriodElapsedCallback	24	static
../Core/Src/main.c:399:6:HAL_UART_RxCpltCallback	16	static
../Core/Src/main.c:426:5:main	16	static
../Core/Src/main.c:525:6:SystemClock_Config	72	static
../Core/Src/main.c:564:13:MX_I2C1_Init	8	static
../Core/Src/main.c:598:13:MX_TIM1_Init	80	static
../Core/Src/main.c:667:13:MX_TIM2_Init	56	static
../Core/Src/main.c:716:13:MX_TIM3_Init	32	static
../Core/Src/main.c:761:13:MX_USART1_UART_Init	8	static
../Core/Src/main.c:794:13:MX_GPIO_Init	32	static
../Core/Src/main.c:826:6:Error_Handler	4	static,ignoring_inline_asm
