../Core/Src/main.c:149:6:PWM_control_position	24	static
../Core/Src/main.c:178:6:PWM_control_velocity	24	static
../Core/Src/main.c:254:6:encoder	4	static
../Core/Src/main.c:288:6:send_data_to_Qt	40	static
../Core/Src/main.c:293:6:control_PID_Position	32	static
../Core/Src/main.c:327:6:control_PID_Velocity	32	static
../Core/Src/main.c:346:6:select_mode	16	static
../Core/Src/main.c:363:6:HAL_TIM_PeriodElapsedCallback	24	static
../Core/Src/main.c:378:6:HAL_UART_RxCpltCallback	16	static
../Core/Src/main.c:405:5:main	8	static
../Core/Src/main.c:473:6:SystemClock_Config	72	static
../Core/Src/main.c:512:13:MX_I2C1_Init	8	static
../Core/Src/main.c:546:13:MX_TIM1_Init	80	static
../Core/Src/main.c:615:13:MX_TIM2_Init	56	static
../Core/Src/main.c:664:13:MX_TIM3_Init	32	static
../Core/Src/main.c:709:13:MX_USART1_UART_Init	8	static
../Core/Src/main.c:742:13:MX_GPIO_Init	32	static
../Core/Src/main.c:774:6:Error_Handler	4	static,ignoring_inline_asm
