../Core/Src/main.c:161:6:PWM_control_position	24	static
../Core/Src/main.c:189:6:PWM_control_velocity	24	static
../Core/Src/main.c:264:6:encoder	4	static
../Core/Src/main.c:307:6:send_data_to_Qt	56	static
../Core/Src/main.c:375:6:control_PID_Position	32	static
../Core/Src/main.c:409:6:control_PID_Velocity	32	static
../Core/Src/main.c:429:6:tune_PID_after	24	static
../Core/Src/main.c:501:6:HAL_TIM_PeriodElapsedCallback	16	static
../Core/Src/main.c:527:6:HAL_UART_RxCpltCallback	16	static
../Core/Src/main.c:555:5:main	16	static
../Core/Src/main.c:704:6:SystemClock_Config	72	static
../Core/Src/main.c:743:13:MX_I2C1_Init	8	static
../Core/Src/main.c:777:13:MX_TIM1_Init	80	static
../Core/Src/main.c:846:13:MX_TIM2_Init	56	static
../Core/Src/main.c:895:13:MX_TIM3_Init	32	static
../Core/Src/main.c:940:13:MX_USART1_UART_Init	8	static
../Core/Src/main.c:971:13:MX_DMA_Init	16	static
../Core/Src/main.c:992:13:MX_GPIO_Init	32	static
../Core/Src/main.c:1024:6:Error_Handler	4	static,ignoring_inline_asm
