../Core/Src/main.c:162:6:PWM_control_position	24	static
../Core/Src/main.c:190:6:PWM_control_velocity	24	static
../Core/Src/main.c:265:6:encoder	4	static
../Core/Src/main.c:308:6:send_data_to_Qt	40	static
../Core/Src/main.c:356:6:control_PID_Position	32	static
../Core/Src/main.c:390:6:control_PID_Velocity	32	static
../Core/Src/main.c:410:6:tune_PID_after	24	static
../Core/Src/main.c:465:6:HAL_TIM_PeriodElapsedCallback	16	static
../Core/Src/main.c:491:6:HAL_UART_RxCpltCallback	16	static
../Core/Src/main.c:519:5:main	16	static
../Core/Src/main.c:671:6:SystemClock_Config	72	static
../Core/Src/main.c:710:13:MX_I2C1_Init	8	static
../Core/Src/main.c:744:13:MX_TIM1_Init	80	static
../Core/Src/main.c:813:13:MX_TIM2_Init	56	static
../Core/Src/main.c:862:13:MX_TIM3_Init	32	static
../Core/Src/main.c:907:13:MX_USART1_UART_Init	8	static
../Core/Src/main.c:938:13:MX_DMA_Init	16	static
../Core/Src/main.c:959:13:MX_GPIO_Init	32	static
../Core/Src/main.c:991:6:Error_Handler	4	static,ignoring_inline_asm
