../Core/Src/main.c:146:6:PWM_control_position	24	static
../Core/Src/main.c:169:6:PWM_control_velocity	24	static
../Core/Src/main.c:242:6:encoder	4	static
../Core/Src/main.c:272:6:control_PID_Position	32	static
../Core/Src/main.c:307:6:control_PID_Velocity	32	static
../Core/Src/main.c:327:6:select_mode	16	static
../Core/Src/main.c:344:6:HAL_TIM_PeriodElapsedCallback	24	static
../Core/Src/main.c:356:6:HAL_UART_RxCpltCallback	16	static
../Core/Src/main.c:369:5:main	8	static
../Core/Src/main.c:423:6:SystemClock_Config	72	static
../Core/Src/main.c:462:13:MX_I2C1_Init	8	static
../Core/Src/main.c:496:13:MX_TIM1_Init	80	static
../Core/Src/main.c:565:13:MX_TIM2_Init	56	static
../Core/Src/main.c:614:13:MX_TIM3_Init	32	static
../Core/Src/main.c:659:13:MX_USART1_UART_Init	8	static
../Core/Src/main.c:692:13:MX_GPIO_Init	32	static
../Core/Src/main.c:720:6:Error_Handler	4	static,ignoring_inline_asm
